---
source: blackbird-core/src/lib.rs
expression: schema_str
---
DEFINE TABLE person SCHEMAFULL;
DEFINE FIELD name ON person TYPE string;

